// Jest Snapshot v1, https://goo.gl/fbAQLP

exports[`ZosmfUssApi misc constants should be unchanged 1`] = `"zosmf"`;

exports[`ZosmfUssApi misc constants should be unchanged 2`] = `"apimlAuthenticationToken"`;
