// Jest Snapshot v1, https://goo.gl/fbAQLP

exports[`ZoweUSSNode Unit Tests - Initialization of class Checks that the ZoweUSSNode structure matches the snapshot 1`] = `
ZoweUSSNode {
  "children": [],
  "collapsibleState": 0,
  "command": {
    "arguments": [
      Uri {
        "path": "/sestest/testDir/testFile",
        "scheme": "zowe-uss",
      },
    ],
    "command": "vscode.open",
    "title": "",
  },
  "contextValue": "textFile",
  "dirty": true,
  "downloadedInternal": false,
  "downloadedTime": null,
  "etag": "",
  "fullPath": "/testDir/testFile",
  "iconPath": "Ref: 'document.svg'",
  "label": "testFile",
  "mParent": ZoweUSSNode {
    "children": [],
    "collapsibleState": 1,
    "contextValue": "directory",
    "dirty": true,
    "downloadedInternal": false,
    "downloadedTime": null,
    "etag": "",
    "fullPath": "/testDir",
    "iconPath": "Ref: 'folder.svg'",
    "label": "testDir",
    "mParent": ZoweUSSNode {
      "children": [],
      "collapsibleState": 1,
      "contextValue": "ussSession",
      "dirty": true,
      "downloadedInternal": false,
      "downloadedTime": null,
      "etag": "",
      "fullPath": "/",
      "iconPath": "Ref: 'folder.svg'",
      "id": "uss.sestest",
      "label": "sestest",
      "mParent": undefined,
      "onUpdateEmitter": EventEmitter {},
      "parentPath": undefined,
      "profile": {
        "failNotFound": false,
        "message": "",
        "name": "sestest",
        "profile": {
          "host": "fake",
          "password": undefined,
          "port": 999,
          "rejectUnauthorize": false,
          "user": "testuser",
        },
        "type": "zosmf",
      },
      "resourceUri": Uri {
        "path": "/sestest",
        "scheme": "zowe-uss",
      },
      "session": Session {
        "ISession": {
          "hostname": "fake",
          "password": "fake",
          "port": 1443,
          "protocol": "https",
          "type": "basic",
          "user": "fake",
        },
      },
    },
    "onUpdateEmitter": EventEmitter {},
    "parentPath": "/",
    "profile": {
      "failNotFound": false,
      "message": "",
      "name": "sestest",
      "profile": {
        "host": "fake",
        "password": undefined,
        "port": 999,
        "rejectUnauthorize": false,
        "user": "testuser",
      },
      "type": "zosmf",
    },
    "resourceUri": Uri {
      "path": "/sestest/testDir",
      "scheme": "zowe-uss",
    },
    "session": undefined,
    "tooltip": "/testDir",
  },
  "onUpdateEmitter": EventEmitter {},
  "parentPath": "/testDir",
  "profile": {
    "failNotFound": false,
    "message": "",
    "name": "sestest",
    "profile": {
      "host": "fake",
      "password": undefined,
      "port": 999,
      "rejectUnauthorize": false,
      "user": "testuser",
    },
    "type": "zosmf",
  },
  "resourceUri": Uri {
    "path": "/sestest/testDir/testFile",
    "scheme": "zowe-uss",
  },
  "session": undefined,
  "tooltip": "/testDir/testFile",
}
`;
